###############################################################################
#
# IAR ELF Linker V8.32.3.193/W32 for ARM                  11/Apr/2019  19:19:17
# Copyright 2007-2019 IAR Systems AB.
#
#    Output file  =  
#        H:\UTFPR\8 Periodo\Sistemas Embarcados\Frequencimetro por
#        codigo\frequencimetro_por_codigo\es_simples\Debug\Exe\es_simples.out
#    Map file     =  
#        H:\UTFPR\8 Periodo\Sistemas Embarcados\Frequencimetro por
#        codigo\frequencimetro_por_codigo\es_simples\Debug\List\es_simples.map
#    Command line =  
#        -f C:\Users\adilc\AppData\Local\Temp\EW6AFC.tmp ("H:\UTFPR\8
#        Periodo\Sistemas Embarcados\Frequencimetro por
#        codigo\frequencimetro_por_codigo\driverlib\ewarm\Exe\driverlib.a"
#        "H:\UTFPR\8 Periodo\Sistemas Embarcados\Frequencimetro por
#        codigo\frequencimetro_por_codigo\es_simples\Debug\Obj\main.o"
#        "H:\UTFPR\8 Periodo\Sistemas Embarcados\Frequencimetro por
#        codigo\frequencimetro_por_codigo\es_simples\Debug\Obj\startup_ewarm.o"
#        "H:\UTFPR\8 Periodo\Sistemas Embarcados\Frequencimetro por
#        codigo\frequencimetro_por_codigo\es_simples\Debug\Obj\uartstdio.o"
#        --no_out_extension -o "H:\UTFPR\8 Periodo\Sistemas
#        Embarcados\Frequencimetro por
#        codigo\frequencimetro_por_codigo\es_simples\Debug\Exe\es_simples.out"
#        --map "H:\UTFPR\8 Periodo\Sistemas Embarcados\Frequencimetro por
#        codigo\frequencimetro_por_codigo\es_simples\Debug\List\es_simples.map"
#        --config "C:\Program Files (x86)\IAR Systems\Embedded Workbench
#        8.2\arm\config\linker\TexasInstruments\TM4C1294NC.icf" --semihosting
#        --entry __iar_program_start --vfe --text_out locale)
#
###############################################################################

*******************************************************************************
*** RUNTIME MODEL ATTRIBUTES
***

CppFlavor       = *
__SystemLibrary = DLib
__dlib_version  = 6


*******************************************************************************
*** HEAP SELECTION
***

The basic heap was selected because some modules are built with
size limitations (and not runtime checking), and --advanced_heap
was not specified.


*******************************************************************************
*** PLACEMENT SUMMARY
***

"A0":  place at 0x0 { ro section .intvec };
"P1":  place in [from 0x0 to 0xf'ffff] { ro };
define block CSTACK with size = 32K, alignment = 8 { };
define block HEAP with size = 64K, alignment = 8 { };
"P2":  place in [from 0x2000'0000 to 0x2003'ffff] {
          rw, block CSTACK, block HEAP };
do not initialize { section .noinit };

  Section          Kind         Address   Size  Object
  -------          ----         -------   ----  ------
"A0":                                    0x200
  .intvec          const            0x0  0x200  startup_ewarm.o [1]
                                - 0x200  0x200

"P1":                                    0xcf8
  .text            ro code        0x200  0x2b8  sysctl.o [3]
  .text            ro code        0x4b8  0x252  uartstdio.o [1]
  .text            ro code        0x70a   0x3a  zero_init3.o [4]
  .text            ro code        0x744   0xb0  uart.o [3]
  .text            ro code        0x7f4  0x1d4  gpio.o [3]
  .rodata          const          0x9c8  0x1b0  sysctl.o [3]
  .text            ro code        0xb78  0x170  main.o [1]
  .rodata          const          0xce8   0x90  gpio.o [3]
  .rodata          const          0xd78   0x6c  sysctl.o [3]
  .rodata          const          0xde4   0x30  sysctl.o [3]
  .text            ro code        0xe14   0x28  data_init.o [4]
  .iar.init_table  const          0xe3c   0x10  - Linker created -
  .text            ro code        0xe4c   0x20  startup_ewarm.o [1]
  .text            ro code        0xe6c    0xc  cstartup_M.o [4]
  .text            ro code        0xe78   0x1e  cmain.o [4]
  .text            ro code        0xe96    0x4  low_level_init.o [2]
  .text            ro code        0xe9a    0x4  exit.o [2]
  .text            ro code        0xea0    0xa  cexit.o [4]
  .text            ro code        0xeac   0x14  exit.o [5]
  .rodata          const          0xec0   0x14  uartstdio.o [1]
  .rodata          const          0xed4    0xc  uartstdio.o [1]
  .rodata          const          0xee0    0xc  uartstdio.o [1]
  .rodata          const          0xeec    0x8  uartstdio.o [1]
  .rodata          const          0xef4    0x4  uartstdio.o [1]
  .rodata          const          0xef8    0x0  zero_init3.o [4]
                                - 0xef8  0xcf8

"P2", part 1 of 2:                         0x8
  .bss             zero     0x2000'0000    0x4  main.o [1]
  .bss             zero     0x2000'0004    0x4  uartstdio.o [1]
                          - 0x2000'0008    0x8

"P2", part 2 of 2:                       0x100
  .noinit          uninit   0x2000'0008  0x100  startup_ewarm.o [1]
                          - 0x2000'0108  0x100

Unused ranges:

         From           To      Size
         ----           --      ----
        0xef8     0xf'ffff  0xf'f108
  0x2000'0108  0x2003'ffff  0x3'fef8


*******************************************************************************
*** INIT TABLE
***

          Address      Size
          -------      ----
Zero (__iar_zero_init3)
    1 destination range, total size 0x8:
          0x2000'0000   0x8



*******************************************************************************
*** MODULE SUMMARY
***

    Module            ro code  ro data  rw data
    ------            -------  -------  -------
command line/config:
    -------------------------------------------
    Total:

H:\UTFPR\8 Periodo\Sistemas Embarcados\Frequencimetro por codigo\frequencimetro_por_codigo\es_simples\Debug\Obj: [1]
    main.o                368                 4
    startup_ewarm.o        32      512      256
    uartstdio.o           594       56        4
    -------------------------------------------
    Total:                994      568      264

dl7M_tln.a: [2]
    exit.o                  4
    low_level_init.o        4
    -------------------------------------------
    Total:                  8

driverlib.a: [3]
    gpio.o                468      144
    sysctl.o              696      588
    uart.o                176
    -------------------------------------------
    Total:              1 340      732

rt7M_tl.a: [4]
    cexit.o                10
    cmain.o                30
    cstartup_M.o           12
    data_init.o            40
    zero_init3.o           58
    -------------------------------------------
    Total:                150

shb_l.a: [5]
    exit.o                 20
    -------------------------------------------
    Total:                 20

    Gaps                    4
    Linker created                  16
-----------------------------------------------
    Grand Total:        2 516    1 316      264


*******************************************************************************
*** ENTRY LIST
***

Entry                       Address   Size  Type      Object
-----                       -------   ----  ----      ------
.iar.init_table$$Base         0xe3c          --   Gb  - Linker created -
.iar.init_table$$Limit        0xe4c          --   Gb  - Linker created -
?main                         0xe79         Code  Gb  cmain.o [4]
ConfigureUART                 0xb79   0x36  Code  Gb  main.o [1]
FaultISR                      0xe67    0x2  Code  Lc  startup_ewarm.o [1]
GPIODirModeSet                0x7f5   0x28  Code  Gb  gpio.o [3]
GPIOPadConfigSet              0x81d  0x102  Code  Gb  gpio.o [3]
GPIOPinConfigure              0x987   0x36  Code  Gb  gpio.o [3]
GPIOPinRead                   0x91f    0x8  Code  Gb  gpio.o [3]
GPIOPinTypeGPIOInput          0x933   0x14  Code  Gb  gpio.o [3]
GPIOPinTypeGPIOOutput         0x947    0xa  Code  Gb  gpio.o [3]
GPIOPinTypeUART               0x96b   0x14  Code  Gb  gpio.o [3]
GPIOPinWrite                  0x927    0x8  Code  Gb  gpio.o [3]
IntDefaultHandler             0xe69    0x2  Code  Lc  startup_ewarm.o [1]
NMISR                         0xe65    0x2  Code  Lc  startup_ewarm.o [1]
Region$$Table$$Base           0xe3c          --   Gb  - Linker created -
Region$$Table$$Limit          0xe4c          --   Gb  - Linker created -
ResetISR                      0xe4d   0x12  Code  Gb  startup_ewarm.o [1]
SysCtlClockFreqSet            0x26b  0x20a  Code  Gb  sysctl.o [3]
SysCtlPeripheralEnable        0x24d    0x8  Code  Gb  sysctl.o [3]
SysCtlPeripheralPresent
                              0x221    0xa  Code  Gb  sysctl.o [3]
SysCtlPeripheralReady         0x22b    0x8  Code  Gb  sysctl.o [3]
UARTCharPut                   0x7e5   0x10  Code  Gb  uart.o [3]
UARTConfigSetExpClk           0x745   0x5c  Code  Gb  uart.o [3]
UARTDisable                   0x7bb   0x22  Code  Gb  uart.o [3]
UARTEnable                    0x7a1   0x1a  Code  Gb  uart.o [3]
UARTStdioConfig               0x4b9   0x48  Code  Gb  uartstdio.o [1]
UARTprintf                    0x6fd    0xe  Code  Gb  uartstdio.o [1]
UARTvprintf                   0x52f  0x1b6  Code  Gb  uartstdio.o [1]
UARTwrite                     0x501   0x2e  Code  Gb  uartstdio.o [1]
_SysCtlMemTimingGet           0x201   0x20  Code  Lc  sysctl.o [3]
__cmain                       0xe79         Code  Gb  cmain.o [4]
__exit                        0xead   0x14  Code  Gb  exit.o [5]
__iar_data_init3              0xe15   0x28  Code  Gb  data_init.o [4]
__iar_init_vfp                0xe6b    0x2  Code  Gb  startup_ewarm.o [1]
__iar_program_start           0xe6d         Code  Gb  cstartup_M.o [4]
__iar_zero_init3              0x70b   0x3a  Code  Gb  zero_init3.o [4]
__low_level_init              0xe97    0x4  Code  Gb  low_level_init.o [2]
__vector_table                  0x0  0x200  Data  Gb  startup_ewarm.o [1]
_call_main                    0xe85         Code  Gb  cmain.o [4]
_exit                         0xea1         Code  Gb  cexit.o [4]
_main                         0xe93         Code  Gb  cmain.o [4]
exit                          0xe9b    0x4  Code  Gb  exit.o [2]
g_pcHex                       0xef4    0x4  Data  Lc  uartstdio.o [1]
g_pppui32XTALtoVCO            0x9c8  0x1b0  Data  Lc  sysctl.o [3]
g_pui32GPIOBaseAddrs          0xce8   0x90  Data  Lc  gpio.o [3]
g_pui32VCOFrequencies         0x4b0    0x8  Data  Lc  sysctl.o [3]
g_pui32Xtals                  0xd78   0x6c  Data  Lc  sysctl.o [3]
g_sXTALtoMEMTIM               0xde4   0x30  Data  Lc  sysctl.o [3]
g_ui32Base              0x2000'0004    0x4  Data  Lc  uartstdio.o [1]
g_ui32SysClock          0x2000'0000    0x4  Data  Gb  main.o [1]
g_ui32UARTBase                0xed4    0xc  Data  Lc  uartstdio.o [1]
g_ui32UARTPeriph              0xee0    0xc  Data  Lc  uartstdio.o [1]
main                          0xbaf   0xfc  Code  Gb  main.o [1]
pui32Stack              0x2000'0008  0x100  Data  Lc  startup_ewarm.o [1]


[1] = H:\UTFPR\8 Periodo\Sistemas Embarcados\Frequencimetro por codigo\frequencimetro_por_codigo\es_simples\Debug\Obj
[2] = dl7M_tln.a
[3] = driverlib.a
[4] = rt7M_tl.a
[5] = shb_l.a

  2 516 bytes of readonly  code memory
  1 316 bytes of readonly  data memory
    264 bytes of readwrite data memory

Errors: none
Warnings: none
